// Jest Snapshot v1, https://goo.gl/fbAQLP

exports[`Render Login render with no props 1`] = `
<div
  className="wrapper"
>
  <div
    className="container"
  >
    <p
      className="header"
    >
      Welcome
    </p>
    <input
      className="email form-control"
      name="email"
      onChange={[Function]}
      placeholder="Email"
      type="text"
    />
    <input
      className="password form-control"
      name="password"
      onChange={[Function]}
      placeholder="Password"
      type="password"
    />
    <button
      className="btn btn-primary"
      disabled={false}
      onClick={[Function]}
      type="button"
    >
      Log In
    </button>
    <button
      className="btn btn-primary"
      disabled={false}
      onClick={[Function]}
      type="button"
    >
      Sign Up
    </button>
  </div>
</div>
`;
